// Jest Snapshot v1, https://goo.gl/fbAQLP

exports[`snapshots of font sizes 1`] = `
Object {
  "base": "base",
  "lg": "lg",
  "sm": "sm",
  "xl": "xl",
  "xs": "xs",
}
`;
